// Jest Snapshot v1, https://goo.gl/fbAQLP

exports[`getDirectiveDeclaration should be defined 1`] = `
GraphQLDirective {
  "args": Array [
    Object {
      "astNode": undefined,
      "defaultValue": undefined,
      "description": null,
      "name": "name",
      "type": "String",
    },
  ],
  "astNode": undefined,
  "description": undefined,
  "locations": Array [
    "FIELD_DEFINITION",
  ],
  "name": "resolveAs",
}
`;

exports[`resolves correctly 1`] = `
Object {
  "data": Object {
    "me": Object {
      "lastName": "Doe",
      "name": "John",
    },
  },
}
`;
